// Jest Snapshot v1, https://goo.gl/fbAQLP

exports[`component matches previous snapshots 1`] = `
<div>
  <h1>
    Basic Test
  </h1>
  <p>
     This is a basic Test Component
  </p>
</div>
`;
